2026-02-04T13:44:57.729Z [[32minfo[39m]: GET /api-docs [36m301[39m 7ms
2026-02-04T13:44:57.748Z [[32minfo[39m]: GET /api-docs/ [32m200[39m 6ms
2026-02-04T13:44:57.868Z [[32minfo[39m]: GET /api-docs/swagger-ui-init.js [32m200[39m 1ms
2026-02-04T13:44:57.924Z [[32minfo[39m]: GET /api-docs/swagger-ui.css [32m200[39m 71ms
2026-02-04T13:44:58.062Z [[32minfo[39m]: GET /api-docs/swagger-ui-standalone-preset.js [32m200[39m 201ms
2026-02-04T13:44:58.126Z [[32minfo[39m]: GET /api-docs/swagger-ui-bundle.js [32m200[39m 272ms
2026-02-04T13:44:58.795Z [[32minfo[39m]: GET /api-docs/favicon-32x32.png [32m200[39m 2ms
2026-02-05T10:10:03.664Z [[32minfo[39m]: POST /api/v1/module/create [33m401[39m 18ms
2026-02-05T10:10:16.321Z [[32minfo[39m]: POST /api/v1/auth/login [32m200[39m 1069ms
2026-02-05T10:10:31.622Z [[32minfo[39m]: POST /api/v1/module/create [32m201[39m 42ms
2026-02-05T10:24:45.036Z [[32minfo[39m]: POST /api/v1/module/create [32m201[39m 60ms
2026-02-05T10:28:03.384Z [[32minfo[39m]: POST /api/v1/module/create [32m201[39m 62ms
2026-02-05T10:30:34.046Z [[32minfo[39m]: POST /api/v1/module/create [32m201[39m 81ms
2026-02-07T15:14:16.119Z [[32minfo[39m]: POST /api/v1/auth/login [32m200[39m 1156ms
2026-02-07T15:14:34.850Z [[32minfo[39m]: POST /api/v1/lesson/upload [32m200[39m 56ms
2026-02-09T11:31:10.652Z [[32minfo[39m]: POST /api/v1/auth/login [32m200[39m 875ms
2026-02-09T11:32:24.474Z [[32minfo[39m]: POST /api/v1/lesson/upload-video [32m200[39m 9052ms
2026-02-09T13:15:22.795Z [[32minfo[39m]: POST /api/v1/auth/login [32m200[39m 649ms
2026-02-09T13:28:35.945Z [[32minfo[39m]: POST /api/v1/cohort/create%20 [33m404[39m 3ms
2026-02-09T13:29:40.543Z [[32minfo[39m]: POST /api/v1/cohort/create%20 [33m404[39m 2ms
2026-02-09T13:29:59.926Z [[32minfo[39m]: POST /api/v1/cohort/create%20 [33m404[39m 1ms
2026-02-09T13:31:13.449Z [[32minfo[39m]: POST /api/v1/cohort/create [33m403[39m 9ms
2026-02-09T13:31:48.240Z [[32minfo[39m]: POST /api/v1/auth/login [32m200[39m 770ms
2026-02-09T13:32:42.891Z [[32minfo[39m]: POST /api/v1/auth/login [32m200[39m 701ms
2026-02-09T13:32:49.995Z [[32minfo[39m]: POST /api/v1/cohort/create [33m404[39m 12ms
2026-02-09T13:33:38.551Z [[32minfo[39m]: POST /api/v1/cohort/create [33m404[39m 5ms
2026-02-09T13:34:03.367Z [[32minfo[39m]: POST /api/v1/cohort/create [33m404[39m 5ms
2026-02-09T13:36:33.479Z [[32minfo[39m]: POST /api/v1/cohort/create [33m403[39m 11ms
2026-02-09T13:40:29.149Z [[32minfo[39m]: POST /api/v1/cohort/create [33m404[39m 27ms
2026-02-09T13:41:09.016Z [[32minfo[39m]: POST /api/v1/cohort/create [33m403[39m 20ms
2026-02-09T13:42:23.633Z [[32minfo[39m]: POST /api/v1/auth/login [32m200[39m 1118ms
2026-02-09T13:42:39.112Z [[32minfo[39m]: POST /api/v1/course/create [33m403[39m 2ms
2026-02-09T13:43:28.670Z [[32minfo[39m]: POST /api/v1/course/create [33m403[39m 1ms
2026-02-09T13:43:30.648Z [[32minfo[39m]: POST /api/v1/course/create [33m403[39m 3ms
2026-02-09T13:43:49.469Z [[32minfo[39m]: POST /api/v1/course/create [33m403[39m 9ms
2026-02-09T13:44:17.824Z [[32minfo[39m]: POST /api/v1/course/create [33m403[39m 4ms
2026-02-09T13:44:28.100Z [[32minfo[39m]: POST /api/v1/auth/login [32m200[39m 771ms
2026-02-09T13:44:53.060Z [[32minfo[39m]: POST /api/v1/course/create [32m201[39m 5788ms
2026-02-09T13:49:09.605Z [[32minfo[39m]: POST /api/v1/instructor-management/apply [33m403[39m 12ms
2026-02-09T13:49:42.434Z [[32minfo[39m]: POST /api/v1/course/assign?courseId%20=6989e4d518fa13fef1d9360b&instructorId%20=696e19f78dbec29d8ee196b5 [33m404[39m 4ms
2026-02-09T13:50:47.820Z [[32minfo[39m]: PUT /api/v1/course/assign?courseId%20=6989e4d518fa13fef1d9360b&instructorId%20=696e19f78dbec29d8ee196b5 [33m401[39m 2ms
2026-02-09T13:51:17.998Z [[32minfo[39m]: PUT /api/v1/course/assign?courseId%20=6989e4d518fa13fef1d9360b&instructorId%20=696e19f78dbec29d8ee196b5 [33m403[39m 3ms
2026-02-09T13:51:28.370Z [[32minfo[39m]: POST /api/v1/auth/login [32m200[39m 536ms
2026-02-09T13:51:45.262Z [[32minfo[39m]: PUT /api/v1/course/assign?courseId%20=6989e4d518fa13fef1d9360b&instructorId%20=696e19f78dbec29d8ee196b5 [33m400[39m 2ms
2026-02-09T13:51:58.585Z [[32minfo[39m]: PUT /api/v1/course/assign?courseId=6989e4d518fa13fef1d9360b&instructorId%20=696e19f78dbec29d8ee196b5 [33m400[39m 3ms
2026-02-09T13:52:08.151Z [[32minfo[39m]: PUT /api/v1/course/assign?courseId=6989e4d518fa13fef1d9360b&instructorId=696e19f78dbec29d8ee196b5 [33m400[39m 9ms
2026-02-09T14:00:42.758Z [[32minfo[39m]: PUT /api/v1/course/assign?courseId=6989e4d518fa13fef1d9360b&instructorId=696e19f78dbec29d8ee196b5 [33m404[39m 89ms
2026-02-09T14:01:46.875Z [[32minfo[39m]: POST /api/v1/instructor-management/approve [32m200[39m 54ms
2026-02-09T14:01:55.111Z [[32minfo[39m]: PUT /api/v1/course/assign?courseId=6989e4d518fa13fef1d9360b&instructorId=696e19f78dbec29d8ee196b5 [32m200[39m 16ms
2026-02-09T14:04:28.062Z [[32minfo[39m]: PUT /api/v1/course/assign?courseId=6989e4d518fa13fef1d9360b&instructorId=696e19f78dbec29d8ee196b5 [32m200[39m 75ms
2026-02-09T14:04:49.083Z [[32minfo[39m]: PUT /api/v1/course/assign?courseId=6989e4d518fa13fef1d9360b&instructorId=696e19f78dbec29d8ee196b5 [33m404[39m 17ms
2026-02-09T14:06:58.623Z [[32minfo[39m]: POST /api/v1/cohort/create [33m403[39m 21ms
2026-02-09T14:07:17.254Z [[32minfo[39m]: POST /api/v1/lesson/upload-video [32m200[39m 28110ms
2026-02-09T14:07:29.264Z [[32minfo[39m]: POST /api/v1/cohort/create [32m201[39m 15ms
2026-02-13T11:26:08.872Z [[32minfo[39m]: POST /api/v1/auth/login [32m200[39m 787ms
2026-02-13T11:26:32.445Z [[32minfo[39m]: POST /api/v1/payment/initialize [33m400[39m 15ms
2026-02-13T11:27:21.377Z [[32minfo[39m]: POST /api/v1/payment/initialize [33m400[39m 5ms
2026-02-13T11:28:59.055Z [[32minfo[39m]: POST /api/v1/payment/initialize [33m400[39m 60ms
2026-02-13T11:31:23.108Z [[32minfo[39m]: POST /api/v1/payment/initialize [33m400[39m 39ms
2026-02-13T11:32:59.869Z [[32minfo[39m]: POST /api/v1/payment/initialize [31m500[39m 79ms
2026-02-13T11:33:45.555Z [[32minfo[39m]: POST /api/v1/payment/initialize [31m500[39m 23ms
2026-02-13T11:36:26.192Z [[32minfo[39m]: POST /api/v1/payment/initialize [31m500[39m 44ms
2026-02-13T11:37:01.872Z [[32minfo[39m]: POST /api/v1/payment/initialize [31m500[39m 45ms
2026-02-13T11:38:27.597Z [[32minfo[39m]: POST /api/v1/payment/initialize [31m500[39m 96ms
2026-02-13T11:38:31.291Z [[32minfo[39m]: POST /api/v1/payment/initialize [31m500[39m 20ms
2026-02-13T11:39:16.090Z [[32minfo[39m]: POST /api/v1/payment/initialize [31m500[39m 48ms
2026-02-13T11:39:46.646Z [[32minfo[39m]: POST /api/v1/payment/initialize [31m500[39m 53ms
2026-02-13T11:41:37.871Z [[32minfo[39m]: POST /api/v1/payment/initialize [31m500[39m 67ms
2026-02-13T11:42:29.825Z [[32minfo[39m]: POST /api/v1/payment/initialize [31m500[39m 79ms
2026-02-13T11:43:45.917Z [[32minfo[39m]: POST /api/v1/payment/initialize [31m500[39m 67ms
2026-02-13T11:45:32.116Z [[32minfo[39m]: POST /api/v1/payment/initialize [31m500[39m 55ms
2026-02-13T11:46:41.722Z [[32minfo[39m]: POST /api/v1/payment/initialize [32m200[39m 1640ms
2026-02-13T11:46:59.705Z [[32minfo[39m]: POST /api/v1/payment/webhook [32m200[39m 44ms
2026-02-13T11:54:12.467Z [[32minfo[39m]: POST /api/v1/payment/initialize [32m200[39m 6797ms
2026-02-13T11:54:30.116Z [[32minfo[39m]: POST /api/v1/payment/webhook [32m200[39m 21ms
2026-02-16T12:44:43.925Z [[32minfo[39m]: POST /api/v1/auth/login [32m200[39m 815ms
2026-02-16T12:45:05.816Z [[32minfo[39m]: POST /api/v1/auth/profile [33m400[39m 12ms
2026-02-16T12:48:38.577Z [[32minfo[39m]: POST /api/v1/auth/profile [31m500[39m 35ms
2026-02-16T12:49:41.663Z [[32minfo[39m]: POST /api/v1/auth/profile [31m500[39m 85ms
2026-02-16T12:51:27.085Z [[32minfo[39m]: POST /api/v1/auth/profile [31m500[39m 55ms
2026-02-16T12:52:04.078Z [[32minfo[39m]: POST /api/v1/auth/profile [31m500[39m 64ms
2026-02-16T12:54:56.536Z [[32minfo[39m]: POST /api/v1/auth/profile [32m200[39m 100ms
2026-02-16T12:57:18.301Z [[32minfo[39m]: POST /api/v1/auth/profile [33m404[39m 145ms
2026-02-16T12:58:51.799Z [[32minfo[39m]: POST /api/v1/auth/profile [32m200[39m 100ms
2026-02-16T13:33:47.446Z [[32minfo[39m]: POST /api/v1/auth/add-profile [31m500[39m 67ms
2026-02-16T13:35:41.063Z [[32minfo[39m]: POST /api/v1/auth/add-profile [31m500[39m 83ms
2026-02-16T13:38:23.104Z [[32minfo[39m]: POST /api/v1/auth/add-profile [32m200[39m 2328ms
2026-02-16T14:06:11.782Z [[32minfo[39m]: PUT /api/v1/auth/edit-profile [31m500[39m 3672ms
2026-02-16T14:07:13.474Z [[32minfo[39m]: PUT /api/v1/auth/edit-profile [31m500[39m 2065ms
2026-02-16T14:07:40.190Z [[32minfo[39m]: PUT /api/v1/auth/edit-profile [31m500[39m 1534ms
2026-02-16T14:08:40.006Z [[32minfo[39m]: PUT /api/v1/auth/edit-profile [32m200[39m 2434ms
2026-02-17T17:14:25.844Z [[32minfo[39m]: POST /api/v1/auth/login [32m200[39m 1438ms
2026-02-17T17:15:18.155Z [[32minfo[39m]: GET /api/v1/payment/get-all-payments?page=1&limit=10 [32m200[39m 29ms
2026-02-17T17:16:59.840Z [[32minfo[39m]: GET /api/v1/payment/get-all-payments?page=1&limit=10 [32m200[39m 47ms
2026-02-17T17:34:22.015Z [[32minfo[39m]: GET /api/v1/payment/get-all-payments?page=1&limit=10 [32m200[39m 73ms
2026-02-17T19:16:35.616Z [[32minfo[39m]: POST /api/v1/auth/login [32m200[39m 698ms
2026-02-17T19:16:59.635Z [[32minfo[39m]: GET /api/v1/enrollment/enrolled-coures [32m201[39m 16ms
2026-02-17T19:17:57.062Z [[32minfo[39m]: GET /api/v1/enrollment/enrolled-coures [32m200[39m 49ms
2026-02-17T19:18:30.517Z [[32minfo[39m]: GET /api/v1/enrollment/enrolled-coures [33m401[39m 3ms
2026-02-17T19:18:36.383Z [[32minfo[39m]: GET /api/v1/enrollment/enrolled-coures [32m200[39m 12ms
2026-02-17T19:22:37.793Z [[32minfo[39m]: GET /api/v1/enrollment/enrolled-coures [32m200[39m 61ms
2026-02-17T19:22:40.956Z [[32minfo[39m]: GET /api/v1/enrollment/enrolled-coures [32m200[39m 10ms
2026-02-17T19:26:44.261Z [[32minfo[39m]: GET /api/v1/enrollment/enrolled-coures [32m200[39m 43ms
2026-02-17T19:30:24.541Z [[32minfo[39m]: GET /api/v1/enrollment/enrolled-coures [31m500[39m 69ms
2026-02-17T19:30:27.007Z [[32minfo[39m]: GET /api/v1/enrollment/enrolled-coures [31m500[39m 13ms
2026-02-17T19:31:17.534Z [[32minfo[39m]: GET /api/v1/enrollment/enrolled-coures [31m500[39m 41ms
2026-02-17T19:31:19.619Z [[32minfo[39m]: GET /api/v1/enrollment/enrolled-coures [31m500[39m 9ms
2026-02-17T19:32:08.410Z [[32minfo[39m]: GET /api/v1/enrollment/enrolled-coures [32m200[39m 44ms
2026-02-18T09:26:49.450Z [[32minfo[39m]: POST /api/v1/auth/login [32m200[39m 688ms
2026-02-18T09:27:11.957Z [[32minfo[39m]: POST /api/v1/module/create [32m201[39m 30ms
2026-02-18T09:33:47.694Z [[32minfo[39m]: POST /api/v1/lesson/upload [32m200[39m 21ms
2026-02-18T09:35:05.359Z [[32minfo[39m]: POST /api/v1/lesson/upload [32m200[39m 14ms
2026-02-18T09:36:57.888Z [[32minfo[39m]: POST /api/v1/lesson/upload-video [32m200[39m 8997ms
2026-02-18T10:02:16.644Z [[32minfo[39m]: POST /api/v1/auth/login [32m200[39m 664ms
2026-02-18T10:04:31.737Z [[32minfo[39m]: POST /api/v1/lesson/mark-lesson-as-completed [33m404[39m 7ms
2026-02-18T10:05:02.374Z [[32minfo[39m]: POST /api/v1/lesson/mark-lesson-as-completed [32m200[39m 76ms
2026-02-18T10:05:52.718Z [[32minfo[39m]: POST /api/v1/lesson/mark-lesson-as-completed [32m200[39m 37ms
2026-02-18T12:57:07.617Z [[32minfo[39m]: POST /api/v1/auth/login [32m200[39m 706ms
2026-02-18T12:57:25.329Z [[32minfo[39m]: POST /api/v1/lesson/update-last-lesson [32m200[39m 22ms
2026-02-18T13:00:41.273Z [[32minfo[39m]: POST /api/v1/lesson/resume-last-lesson [33m404[39m 2ms
2026-02-18T13:00:46.609Z [[32minfo[39m]: GET /api/v1/lesson/resume-last-lesson [32m200[39m 9ms
2026-02-19T10:47:23.417Z [[32minfo[39m]: GET /api/v1/lesson/view-lesson-content [33m401[39m 6ms
2026-02-19T10:47:30.469Z [[32minfo[39m]: POST /api/v1/auth/login [32m200[39m 707ms
2026-02-19T10:47:52.149Z [[32minfo[39m]: GET /api/v1/lesson/view-lesson-content [32m200[39m 69ms
2026-02-19T10:51:06.045Z [[32minfo[39m]: GET /api/v1/lesson/view-lesson-content [32m200[39m 41ms
2026-02-19T10:52:03.914Z [[32minfo[39m]: GET /api/v1/lesson/view-lesson-content [32m200[39m 49ms
2026-02-19T10:52:25.957Z [[32minfo[39m]: GET /api/v1/lesson/view-lesson-content [32m200[39m 53ms
2026-03-15T11:14:59.025Z [[32minfo[39m]: POST /api/v1/auth/login [32m200[39m 1323ms
2026-03-15T11:16:21.114Z [[32minfo[39m]: POST /api/v1/quiz/quiz [32m201[39m 41ms
2026-03-15T11:19:20.082Z [[32minfo[39m]: POST /api/v1/quiz/question [31m500[39m 24ms
2026-03-15T11:19:55.717Z [[32minfo[39m]: POST /api/v1/quiz/question [31m500[39m 9ms
2026-03-15T11:21:03.429Z [[32minfo[39m]: POST /api/v1/quiz/question [31m500[39m 195ms
2026-03-15T11:22:48.037Z [[32minfo[39m]: POST /api/v1/quiz/question [32m201[39m 92ms
2026-03-16T09:02:57.498Z [[32minfo[39m]: POST /api/v1/auth/login [32m200[39m 1514ms
2026-03-16T09:03:30.829Z [[32minfo[39m]: POST /api/v1/quiz/submit [33m404[39m 5ms
2026-03-16T09:05:23.859Z [[32minfo[39m]: POST /api/v1/quiz/quiz/submit [32m200[39m 64ms
2026-03-16T09:05:44.540Z [[32minfo[39m]: POST /api/v1/quiz/quiz/submit [32m200[39m 15ms
2026-03-16T10:19:59.846Z [[32minfo[39m]: GET /api-docs [36m301[39m 9ms
2026-03-16T10:19:59.874Z [[32minfo[39m]: GET /api-docs/ [32m200[39m 14ms
2026-03-16T10:20:00.034Z [[32minfo[39m]: GET /api-docs/swagger-ui-init.js [32m200[39m 1ms
2026-03-16T10:20:00.190Z [[32minfo[39m]: GET /api-docs/swagger-ui.css [32m200[39m 188ms
2026-03-16T10:20:00.254Z [[32minfo[39m]: GET /api-docs/swagger-ui-standalone-preset.js [32m200[39m 236ms
2026-03-16T10:20:00.536Z [[32minfo[39m]: GET /api-docs/swagger-ui-bundle.js [32m200[39m 534ms
2026-03-16T10:20:02.250Z [[32minfo[39m]: GET /api-docs/favicon-32x32.png [32m200[39m 5ms
2026-03-16T18:37:48.568Z [[32minfo[39m]: GET /api-docs/ [36m304[39m 10ms
2026-03-16T18:37:48.632Z [[32minfo[39m]: GET /api-docs/swagger-ui-init.js [36m304[39m 2ms
2026-03-16T18:37:48.665Z [[32minfo[39m]: GET /api-docs/swagger-ui.css [32m200[39m 17ms
2026-03-16T18:37:48.774Z [[32minfo[39m]: GET /api-docs/swagger-ui-standalone-preset.js [32m200[39m 127ms
2026-03-16T18:37:48.970Z [[32minfo[39m]: GET /api-docs/swagger-ui-bundle.js [32m200[39m 325ms
2026-03-16T18:37:50.235Z [[32minfo[39m]: GET /api-docs/favicon-32x32.png [32m200[39m 10ms
2026-03-19T12:13:00.726Z [[32minfo[39m]: GET /api-docs [36m301[39m 13ms
2026-03-19T12:13:00.763Z [[32minfo[39m]: GET /api-docs/ [36m304[39m 13ms
2026-03-19T12:13:00.871Z [[32minfo[39m]: GET /api-docs/swagger-ui.css [36m304[39m 14ms
2026-03-19T12:13:00.880Z [[32minfo[39m]: GET /api-docs/swagger-ui-bundle.js [36m304[39m 14ms
2026-03-19T12:13:00.922Z [[32minfo[39m]: GET /api-docs/swagger-ui-standalone-preset.js [36m304[39m 3ms
2026-03-19T12:13:00.952Z [[32minfo[39m]: GET /api-docs/swagger-ui-init.js [36m304[39m 1ms
2026-03-19T12:29:40.796Z [[32minfo[39m]: GET /api-docs/ [36m304[39m 2ms
2026-03-19T12:29:40.868Z [[32minfo[39m]: GET /api-docs/swagger-ui.css [36m304[39m 3ms
2026-03-19T12:29:40.877Z [[32minfo[39m]: GET /api-docs/swagger-ui-bundle.js [36m304[39m 9ms
2026-03-19T12:29:40.905Z [[32minfo[39m]: GET /api-docs/swagger-ui-standalone-preset.js [36m304[39m 1ms
2026-03-19T12:29:40.916Z [[32minfo[39m]: GET /api-docs/swagger-ui-init.js [36m304[39m 1ms
2026-03-19T12:29:41.780Z [[32minfo[39m]: GET /api-docs/favicon-32x32.png [36m304[39m 3ms
2026-03-19T12:29:46.738Z [[32minfo[39m]: GET /api-docs/ [36m304[39m 7ms
2026-03-19T12:29:46.837Z [[32minfo[39m]: GET /api-docs/swagger-ui.css [36m304[39m 3ms
2026-03-19T12:29:46.854Z [[32minfo[39m]: GET /api-docs/swagger-ui-init.js [36m304[39m 1ms
2026-03-19T12:29:46.861Z [[32minfo[39m]: GET /api-docs/swagger-ui-bundle.js [36m304[39m 11ms
2026-03-19T12:29:46.892Z [[32minfo[39m]: GET /api-docs/swagger-ui-standalone-preset.js [36m304[39m 40ms
2026-03-19T12:29:47.689Z [[32minfo[39m]: GET /api-docs/favicon-32x32.png [36m304[39m 24ms
2026-03-19T12:49:03.545Z [[32minfo[39m]: GET /api-docs/ [36m304[39m 6ms
2026-03-19T12:49:03.615Z [[32minfo[39m]: GET /api-docs/swagger-ui.css [32m200[39m 13ms
2026-03-19T12:49:03.640Z [[32minfo[39m]: GET /api-docs/swagger-ui-standalone-preset.js [32m200[39m 8ms
2026-03-19T12:49:03.682Z [[32minfo[39m]: GET /api-docs/swagger-ui-init.js [36m304[39m 1ms
2026-03-19T12:49:03.706Z [[32minfo[39m]: GET /api-docs/swagger-ui-bundle.js [32m200[39m 84ms
2026-03-19T12:49:04.890Z [[32minfo[39m]: GET /api-docs/favicon-32x32.png [32m200[39m 6ms
2026-03-19T12:49:08.133Z [[32minfo[39m]: GET /api-docs/ [36m304[39m 5ms
2026-03-19T12:49:08.207Z [[32minfo[39m]: GET /api-docs/swagger-ui.css [36m304[39m 3ms
2026-03-19T12:49:08.211Z [[32minfo[39m]: GET /api-docs/swagger-ui-bundle.js [36m304[39m 5ms
2026-03-19T12:49:08.221Z [[32minfo[39m]: GET /api-docs/swagger-ui-init.js [36m304[39m 1ms
2026-03-19T12:49:08.227Z [[32minfo[39m]: GET /api-docs/swagger-ui-standalone-preset.js [36m304[39m 9ms
2026-03-19T12:49:09.109Z [[32minfo[39m]: GET /api-docs/favicon-32x32.png [36m304[39m 11ms
2026-03-21T19:01:47.508Z [[32minfo[39m]: POST /api/v1/auth/login [33m404[39m 234ms
2026-03-21T19:02:57.824Z [[32minfo[39m]: POST /api/v1/auth/login [32m200[39m 787ms
2026-03-21T19:03:34.305Z [[32minfo[39m]: PUT /api/v1/course/save-to-draft [33m400[39m 15ms
2026-03-21T19:08:34.379Z [[32minfo[39m]: PUT /api/v1/course/save-to-draft [31m500[39m 40ms
2026-03-21T19:12:05.568Z [[32minfo[39m]: PUT /api/v1/course/save-to-draft [33m400[39m 40ms
2026-03-21T19:12:09.063Z [[32minfo[39m]: PUT /api/v1/course/save-to-draft [33m400[39m 24ms
2026-04-02T08:46:09.315Z [[32minfo[39m]: GET /api-docs [36m301[39m 5ms
2026-04-02T08:46:09.331Z [[32minfo[39m]: GET /api-docs/ [32m200[39m 5ms
2026-04-02T08:46:11.637Z [[32minfo[39m]: GET /api-docs.json [33m404[39m 4ms
2026-04-02T08:46:11.748Z [[32minfo[39m]: GET /favicon.ico [33m404[39m 2ms
2026-04-02T08:46:19.090Z [[32minfo[39m]: GET /api-docs/ [36m304[39m 2ms
2026-04-02T08:46:19.770Z [[32minfo[39m]: GET /api-docs.json [33m404[39m 1ms
2026-04-02T08:46:41.836Z [[32minfo[39m]: GET /api-docs/ [32m200[39m 2ms
2026-04-02T08:46:42.704Z [[32minfo[39m]: GET /api-docs/swagger.json [33m404[39m 2ms
2026-04-02T08:50:10.891Z [[32minfo[39m]: GET /api-docs/ [32m200[39m 10ms
2026-04-02T08:50:11.155Z [[32minfo[39m]: GET /api-docs/swagger-ui-standalone-preset.js [32m200[39m 10ms
2026-04-02T08:50:11.181Z [[32minfo[39m]: GET /api-docs/swagger-ui.css [32m200[39m 77ms
2026-04-02T08:50:11.284Z [[32minfo[39m]: GET /api-docs/swagger-ui-init.js [32m200[39m 3ms
2026-04-02T08:50:11.318Z [[32minfo[39m]: GET /api-docs/swagger-ui-bundle.js [32m200[39m 210ms
2026-04-02T08:50:12.854Z [[32minfo[39m]: GET /api-docs/favicon-32x32.png [32m200[39m 17ms
2026-04-06T18:33:17.002Z [[32minfo[39m]: POST /api/v1/auth/login [33m401[39m 782ms
2026-04-06T18:33:50.291Z [[32minfo[39m]: POST /api/v1/auth/login [33m401[39m 949ms
2026-04-06T18:37:05.448Z [[32minfo[39m]: POST /api/v1/auth/login [33m401[39m 747ms
2026-04-06T18:37:15.314Z [[32minfo[39m]: GET /api-docs [36m301[39m 4ms
2026-04-06T18:37:15.324Z [[32minfo[39m]: GET /api-docs/ [36m304[39m 3ms
2026-04-06T18:37:15.439Z [[32minfo[39m]: GET /api-docs/swagger-ui.css [32m200[39m 54ms
2026-04-06T18:37:15.487Z [[32minfo[39m]: GET /api-docs/swagger-ui-bundle.js [32m200[39m 100ms
2026-04-06T18:37:15.519Z [[32minfo[39m]: GET /api-docs/swagger-ui-standalone-preset.js [32m200[39m 52ms
2026-04-06T18:37:15.591Z [[32minfo[39m]: GET /api-docs/swagger-ui-init.js [32m200[39m 1ms
2026-04-06T18:39:00.615Z [[32minfo[39m]: GET /api-docs/ [36m304[39m 15ms
2026-04-06T18:39:00.662Z [[32minfo[39m]: GET /api-docs/swagger-ui-bundle.js [36m304[39m 9ms
2026-04-06T18:39:00.707Z [[32minfo[39m]: GET /api-docs/swagger-ui.css [36m304[39m 51ms
2026-04-06T18:39:00.715Z [[32minfo[39m]: GET /api-docs/swagger-ui-standalone-preset.js [36m304[39m 3ms
2026-04-06T18:39:00.785Z [[32minfo[39m]: GET /api-docs/swagger-ui-init.js [32m200[39m 1ms
2026-04-06T18:39:02.500Z [[32minfo[39m]: GET /api-docs/favicon-32x32.png [32m200[39m 7ms
2026-04-06T18:39:09.891Z [[32minfo[39m]: POST /api/v1/user/login [33m404[39m 3ms
2026-04-06T18:40:27.989Z [[32minfo[39m]: GET /api-docs/ [36m304[39m 16ms
2026-04-06T18:40:28.115Z [[32minfo[39m]: GET /api-docs/swagger-ui.css [36m304[39m 12ms
2026-04-06T18:40:28.144Z [[32minfo[39m]: GET /api-docs/swagger-ui-bundle.js [36m304[39m 41ms
2026-04-06T18:40:28.222Z [[32minfo[39m]: GET /api-docs/swagger-ui-standalone-preset.js [36m304[39m 12ms
2026-04-06T18:40:28.285Z [[32minfo[39m]: GET /api-docs/swagger-ui-init.js [32m200[39m 1ms
2026-04-06T18:40:29.103Z [[32minfo[39m]: GET /api-docs/favicon-32x32.png [36m304[39m 1ms
2026-04-06T18:40:53.027Z [[32minfo[39m]: POST /api/v1/auth/login [33m404[39m 30ms
2026-04-06T18:41:17.844Z [[32minfo[39m]: POST /api/v1/auth/login [33m401[39m 707ms
2026-04-06T18:42:36.985Z [[32minfo[39m]: POST /api/v1/auth/login [33m401[39m 849ms
2026-04-06T18:42:47.300Z [[32minfo[39m]: POST /api/v1/auth/login [32m200[39m 688ms
2026-04-06T18:42:58.226Z [[32minfo[39m]: POST /api/v1/auth/login [32m200[39m 966ms
2026-04-06T18:48:20.438Z [[32minfo[39m]: POST /api/v1/auth/invite [32m200[39m 1099ms
2026-04-06T18:48:46.265Z [[32minfo[39m]: POST /api/v1/auth/invite [32m200[39m 628ms
2026-04-06T18:53:29.096Z [[32minfo[39m]: GET /api-docs/ [36m304[39m 1ms
2026-04-06T18:53:29.178Z [[32minfo[39m]: GET /api-docs/swagger-ui.css [36m304[39m 1ms
2026-04-06T18:53:29.189Z [[32minfo[39m]: GET /api-docs/swagger-ui-bundle.js [36m304[39m 2ms
2026-04-06T18:53:29.196Z [[32minfo[39m]: GET /api-docs/swagger-ui-standalone-preset.js [36m304[39m 8ms
2026-04-06T18:53:29.213Z [[32minfo[39m]: GET /api-docs/swagger-ui-init.js [36m304[39m 1ms
2026-04-06T18:53:30.413Z [[32minfo[39m]: GET /api-docs/favicon-32x32.png [36m304[39m 2ms
2026-04-07T09:32:39.757Z [[32minfo[39m]: POST /api/v1/auth/accept/invite/3775e9f56b294958a14a0bd2af83a0204d5512307fc59c02a9df67dd2198a18b [33m404[39m 5ms
2026-04-07T09:34:16.676Z [[32minfo[39m]: POST /api/v1/auth/accept/invite/3775e9f56b294958a14a0bd2af83a0204d5512307fc59c02a9df67dd2198a18b [33m404[39m 4ms
2026-04-07T09:34:28.240Z [[32minfo[39m]: POST /api/v1/auth/accept-invite/3775e9f56b294958a14a0bd2af83a0204d5512307fc59c02a9df67dd2198a18b [32m200[39m 789ms
2026-04-07T09:34:42.280Z [[32minfo[39m]: POST /api/v1/auth/accept-invite/3775e9f56b294958a14a0bd2af83a0204d5512307fc59c02a9df67dd2198a18b [32m200[39m 763ms
2026-04-07T09:34:52.371Z [[32minfo[39m]: POST /api/v1/auth/accept-invite/3775e9f56b294958a14a0bd2af83a0204d5512307fc59c02a9df67dd2198a18b [32m200[39m 644ms
2026-04-07T09:38:52.490Z [[32minfo[39m]: POST /api/v1/auth/accept-invite/3775e9f56b294958a14a0bd2af83a0204d5512307fc59c02a9df67dd2198a18b [32m200[39m 879ms
2026-04-07T09:38:55.487Z [[32minfo[39m]: POST /api/v1/auth/accept-invite/3775e9f56b294958a14a0bd2af83a0204d5512307fc59c02a9df67dd2198a18b [33m404[39m 15ms
2026-04-07T09:38:59.549Z [[32minfo[39m]: POST /api/v1/auth/accept-invite/3775e9f56b294958a14a0bd2af83a0204d5512307fc59c02a9df67dd2198a18b [33m404[39m 8ms
2026-04-07T09:43:40.405Z [[32minfo[39m]: GET /api-docs/ [36m304[39m 6ms
2026-04-07T09:43:40.597Z [[32minfo[39m]: GET /api-docs/swagger-ui.css [36m304[39m 4ms
2026-04-07T09:43:40.632Z [[32minfo[39m]: GET /api-docs/swagger-ui-standalone-preset.js [36m304[39m 2ms
2026-04-07T09:43:40.654Z [[32minfo[39m]: GET /api-docs/swagger-ui-bundle.js [36m304[39m 23ms
2026-04-07T09:43:40.660Z [[32minfo[39m]: GET /api-docs/swagger-ui-init.js [32m200[39m 1ms
2026-04-07T09:43:41.943Z [[32minfo[39m]: GET /api-docs/favicon-32x32.png [36m304[39m 2ms
2026-04-07T10:30:01.414Z [[32minfo[39m]: POST /api/v1/auth/invite/csv [32m200[39m 112ms
2026-04-07T10:32:38.177Z [[32minfo[39m]: POST /api/v1/auth/invite/csv [33m400[39m 38ms
2026-04-07T10:32:48.296Z [[32minfo[39m]: POST /api/v1/auth/invite/csv [32m200[39m 48ms
2026-04-07T10:33:40.917Z [[32minfo[39m]: POST /api/v1/auth/invite/csv [32m200[39m 17ms
2026-04-07T10:39:28.086Z [[32minfo[39m]: POST /api/v1/auth/invite/csv [32m200[39m 7085ms
2026-04-07T10:54:53.144Z [[32minfo[39m]: GET /api-docs/ [36m304[39m 15ms
2026-04-07T10:54:53.219Z [[32minfo[39m]: GET /api-docs/swagger-ui.css [36m304[39m 25ms
2026-04-07T10:54:53.284Z [[32minfo[39m]: GET /api-docs/swagger-ui-bundle.js [36m304[39m 2ms
2026-04-07T10:54:53.380Z [[32minfo[39m]: GET /api-docs/swagger-ui-standalone-preset.js [36m304[39m 2ms
2026-04-07T10:54:53.418Z [[32minfo[39m]: GET /api-docs/swagger-ui-init.js [32m200[39m 1ms
2026-04-07T10:54:55.439Z [[32minfo[39m]: GET /api-docs/favicon-32x32.png [36m304[39m 1ms
2026-04-07T11:00:00.272Z [[32minfo[39m]: GET /api-docs/ [36m304[39m 11ms
2026-04-07T11:00:00.324Z [[32minfo[39m]: GET /api-docs/swagger-ui.css [36m304[39m 6ms
2026-04-07T11:00:00.327Z [[32minfo[39m]: GET /api-docs/swagger-ui-bundle.js [36m304[39m 8ms
2026-04-07T11:00:00.349Z [[32minfo[39m]: GET /api-docs/swagger-ui-init.js [32m200[39m 1ms
2026-04-07T11:00:00.362Z [[32minfo[39m]: GET /api-docs/swagger-ui-standalone-preset.js [36m304[39m 17ms
2026-04-07T11:00:01.636Z [[32minfo[39m]: GET /api-docs/favicon-32x32.png [36m304[39m 5ms
2026-04-08T11:59:55.494Z [[32minfo[39m]: GET /api/v1/course?page=1&limit=10 [32m200[39m 25ms
2026-04-08T12:00:57.001Z [[32minfo[39m]: GET /api/v1/course?page=1&limit=10 [33m401[39m 6ms
2026-04-08T12:01:02.331Z [[32minfo[39m]: GET /api/v1/course?page=1&limit=10 [32m200[39m 2ms
2026-04-08T12:01:19.796Z [[32minfo[39m]: GET /api/v1/course [32m200[39m 2ms
2026-04-08T12:04:20.520Z [[32minfo[39m]: GET /api/v1/course [32m200[39m 50ms
2026-04-08T12:06:05.104Z [[32minfo[39m]: GET /api/v1/course?page=1&limit=5 [32m200[39m 23ms
2026-04-08T12:13:54.318Z [[32minfo[39m]: GET /api/v1/course?page=1&limit=5 [32m200[39m 62ms
2026-04-08T12:14:01.636Z [[32minfo[39m]: GET /api/v1/course?page=1&limit=5 [32m200[39m 20ms
2026-04-08T12:15:56.893Z [[32minfo[39m]: GET /api/v1/course?page=1&limit=5 [32m200[39m 55ms
2026-04-08T12:16:04.447Z [[32minfo[39m]: GET /api/v1/course?page=1&limit=5 [32m200[39m 23ms
2026-04-08T12:16:15.617Z [[32minfo[39m]: GET /api/v1/course?page=1&limit=5 [32m200[39m 15ms
2026-04-08T12:16:33.256Z [[32minfo[39m]: GET /api/v1/course?page=1&limit=5 [32m200[39m 50ms
2026-04-08T12:18:00.229Z [[32minfo[39m]: GET /api/v1/course?page=1&limit=5 [32m200[39m 58ms
2026-04-08T12:18:32.547Z [[32minfo[39m]: GET /api/v1/course?page=1&limit=5 [32m200[39m 54ms
2026-04-08T12:21:55.409Z [[32minfo[39m]: GET /api/v1/course?page=1&limit=5 [32m200[39m 62ms
2026-04-09T08:16:33.755Z [[32minfo[39m]: GET /api/v1/course?page=1&limit=5 [32m200[39m 122ms
2026-04-09T08:16:55.659Z [[32minfo[39m]: GET /api/v1/course?page=1&limit=3 [32m200[39m 20ms
2026-04-09T09:31:44.540Z [[32minfo[39m]: GET /api/v1/course?page=1&limit=3 [32m200[39m 358ms
2026-04-09T09:32:48.212Z [[32minfo[39m]: GET /api/v1/course?page=1&limit=3 [32m200[39m 511ms
2026-04-09T09:32:50.983Z [[32minfo[39m]: GET /api/v1/course?page=1&limit=3 [32m200[39m 431ms
2026-04-09T09:32:53.102Z [[32minfo[39m]: GET /api/v1/course?page=1&limit=3 [32m200[39m 285ms
2026-04-09T09:32:54.873Z [[32minfo[39m]: GET /api/v1/course?page=1&limit=3 [32m200[39m 244ms
2026-04-09T09:32:57.041Z [[32minfo[39m]: GET /api/v1/course?page=1&limit=3 [32m200[39m 485ms
2026-04-09T09:32:59.405Z [[32minfo[39m]: GET /api/v1/course?page=1&limit=3 [32m200[39m 378ms
2026-04-09T09:33:01.446Z [[32minfo[39m]: GET /api/v1/course?page=1&limit=3 [32m200[39m 273ms
2026-04-09T09:33:17.915Z [[32minfo[39m]: GET /api/v1/course?page=1&limit=3 [32m200[39m 413ms
2026-04-09T09:33:20.360Z [[32minfo[39m]: GET /api/v1/course?page=1&limit=3 [32m200[39m 480ms
2026-04-09T09:33:22.364Z [[32minfo[39m]: GET /api/v1/course?page=1&limit=3 [32m200[39m 283ms
2026-04-09T09:36:32.286Z [[32minfo[39m]: GET /api/v1/course?page=1&limit=3 [32m200[39m 147ms
2026-04-09T09:36:37.926Z [[32minfo[39m]: GET /api/v1/course?page=1&limit=3 [32m200[39m 1375ms
2026-04-09T09:36:42.941Z [[32minfo[39m]: GET /api/v1/course?page=1&limit=3 [32m200[39m 2090ms
2026-04-09T09:36:47.866Z [[32minfo[39m]: GET /api/v1/course?page=1&limit=3 [32m200[39m 2487ms
2026-04-09T09:36:51.041Z [[32minfo[39m]: GET /api/v1/course?page=1&limit=3 [32m200[39m 1202ms
2026-04-09T09:36:53.812Z [[32minfo[39m]: GET /api/v1/course?page=1&limit=3 [32m200[39m 606ms
2026-04-09T09:37:00.392Z [[32minfo[39m]: GET /api/v1/course?page=1&limit=3 [32m200[39m 3889ms
2026-04-09T09:37:21.399Z [[32minfo[39m]: GET /api/v1/course?page=1&limit=3 [32m200[39m 673ms
2026-04-09T09:37:24.645Z [[32minfo[39m]: GET /api/v1/course?page=1&limit=3 [32m200[39m 1072ms
2026-04-09T09:37:28.585Z [[32minfo[39m]: GET /api/v1/course?page=1&limit=3 [32m200[39m 1419ms
2026-04-09T09:37:31.225Z [[32minfo[39m]: GET /api/v1/course?page=1&limit=3 [32m200[39m 732ms
2026-04-09T09:38:56.660Z [[32minfo[39m]: GET /api/v1/course?page=1&limit=3 [32m200[39m 600ms
2026-04-09T09:39:10.956Z [[32minfo[39m]: GET /api/v1/course?page=1&limit=3 [32m200[39m 840ms
2026-04-09T09:39:19.050Z [[32minfo[39m]: GET /api/v1/course?page=1&limit=3 [32m200[39m 848ms
2026-04-09T09:39:28.823Z [[32minfo[39m]: GET /api/v1/course?page=1&limit=3 [32m200[39m 406ms
2026-04-09T09:40:31.081Z [[32minfo[39m]: GET /api/v1/course?page=1&limit=3 [32m200[39m 559ms
2026-04-09T09:40:33.944Z [[32minfo[39m]: GET /api/v1/course?page=1&limit=3 [32m200[39m 916ms
2026-04-09T10:04:33.829Z [[32minfo[39m]: GET /api/v1/course?page=1&limit=3 [32m200[39m 158ms
2026-04-09T10:04:56.748Z [[32minfo[39m]: GET /api/v1/course?page=1&limit=3 [32m200[39m 145ms
2026-04-09T10:05:00.061Z [[32minfo[39m]: GET /api/v1/course?page=1&limit=3 [32m200[39m 114ms
2026-04-09T10:05:02.399Z [[32minfo[39m]: GET /api/v1/course?page=1&limit=3 [32m200[39m 150ms
2026-04-09T10:05:04.503Z [[32minfo[39m]: GET /api/v1/course?page=1&limit=3 [32m200[39m 130ms
2026-04-09T10:05:06.369Z [[32minfo[39m]: GET /api/v1/course?page=1&limit=3 [32m200[39m 129ms
2026-04-09T10:05:08.586Z [[32minfo[39m]: GET /api/v1/course?page=1&limit=3 [32m200[39m 169ms
2026-04-09T10:05:10.483Z [[32minfo[39m]: GET /api/v1/course?page=1&limit=3 [32m200[39m 117ms
2026-04-13T09:51:21.207Z [[32minfo[39m]: GET /api/v1/payment/get-all-payments?page=1&limit=10 [33m401[39m 23ms
2026-04-13T09:51:31.500Z [[32minfo[39m]: POST /api/v1/auth/login [32m200[39m 872ms
2026-04-13T09:51:47.666Z [[32minfo[39m]: GET /api/v1/payment/get-all-payments?page=1&limit=10 [32m200[39m 45ms
2026-04-21T08:30:19.042Z [[32minfo[39m]: POST /api/v1/auth/login [32m200[39m 1358ms
2026-04-21T08:30:55.934Z [[32minfo[39m]: GET /api/v1/payment/single-order [33m400[39m 11ms
2026-04-21T08:31:31.128Z [[32minfo[39m]: GET /api/v1/payment/get-all-payments?page=1&limit=10 [33m401[39m 6ms
2026-04-21T08:31:37.751Z [[32minfo[39m]: GET /api/v1/payment/get-all-payments?page=1&limit=10 [32m200[39m 100ms
2026-04-21T08:32:46.291Z [[32minfo[39m]: GET /api/v1/payment/single-order/698f10dd3bd2cccf1a281775 [33m404[39m 6ms
2026-04-21T08:33:34.823Z [[32minfo[39m]: GET /api/v1/payment/single-order/698f10dd3bd2cccf1a281775 [33m400[39m 16ms
2026-04-21T08:34:55.986Z [[32minfo[39m]: GET /api/v1/payment/single-order/698f10dd3bd2cccf1a281775 [33m400[39m 18ms
2026-04-21T08:37:14.928Z [[32minfo[39m]: GET /api/v1/payment/single-order/698f10dd3bd2cccf1a281775 [32m200[39m 77ms
2026-04-21T08:38:06.754Z [[32minfo[39m]: GET /api/v1/payment/single-order/698f10dd3bd2cccf1a281775 [32m200[39m 50ms
2026-05-01T18:54:24.243Z [[32minfo[39m]: POST /api/v1/auth/login [32m200[39m 637ms
2026-05-01T18:56:12.153Z [[32minfo[39m]: POST /api/v1/feed [31m500[39m 9ms
2026-05-01T18:59:15.606Z [[32minfo[39m]: POST /api/v1/feed [33m400[39m 2518ms
2026-05-01T19:03:55.996Z [[32minfo[39m]: POST /api/v1/feed [33m400[39m 2153ms
2026-05-01T19:06:12.516Z [[32minfo[39m]: POST /api/v1/feed [33m400[39m 2736ms
2026-05-01T19:09:31.487Z [[32minfo[39m]: POST /api/v1/feed [31m500[39m 5700ms
2026-05-01T19:13:48.724Z [[32minfo[39m]: POST /api/v1/feed [32m201[39m 36454ms
2026-05-01T19:14:03.946Z [[32minfo[39m]: POST /api/v1/feed [31m500[39m 26ms
2026-05-01T19:15:47.400Z [[32minfo[39m]: PUT /api/v1/feed [32m200[39m 28ms
2026-05-01T19:16:12.639Z [[32minfo[39m]: PUT /api/v1/feed [32m200[39m 7690ms
2026-05-01T19:17:09.710Z [[32minfo[39m]: PUT /api/v1/feed [32m200[39m 13022ms
2026-05-01T19:17:28.128Z [[32minfo[39m]: POST /api/v1/feed [32m201[39m 12320ms
2026-05-01T19:17:42.771Z [[32minfo[39m]: POST /api/v1/feed [32m201[39m 5279ms
2026-05-01T19:18:19.111Z [[32minfo[39m]: DELETE /api/v1/feed [31m500[39m 3ms
2026-05-01T19:19:15.405Z [[32minfo[39m]: DELETE /api/v1/feed [32m200[39m 2624ms
2026-05-01T19:21:26.479Z [[32minfo[39m]: POST /api/v1/feed [32m201[39m 9623ms
2026-05-01T19:21:40.759Z [[32minfo[39m]: GET /api/v1/feed [32m200[39m 45ms
2026-05-18T08:22:59.002Z [[32minfo[39m]: GET /api/v1/announcement [33m401[39m 10ms
2026-05-18T08:24:16.875Z [[32minfo[39m]: POST /api/v1/login [33m404[39m 3ms
2026-05-18T08:24:26.917Z [[32minfo[39m]: POST /api/v1/auth/login [33m401[39m 947ms
2026-05-18T08:25:44.891Z [[32minfo[39m]: POST /api/v1/auth/login [33m401[39m 542ms
2026-05-18T08:25:53.475Z [[32minfo[39m]: POST /api/v1/auth/login [32m200[39m 662ms
2026-05-18T08:26:32.898Z [[32minfo[39m]: GET /api/v1/announcement [32m200[39m 56ms
2026-05-18T08:31:15.322Z [[32minfo[39m]: POST /api/v1/announcement [33m403[39m 11ms
2026-05-18T08:32:09.940Z [[32minfo[39m]: POST /api/v1/auth/login [33m401[39m 652ms
2026-05-18T08:32:15.963Z [[32minfo[39m]: POST /api/v1/auth/login [33m401[39m 648ms
2026-05-18T08:32:25.183Z [[32minfo[39m]: POST /api/v1/auth/login [32m200[39m 644ms
2026-05-18T08:32:42.129Z [[32minfo[39m]: POST /api/v1/announcement [33m403[39m 2ms
2026-05-18T08:33:01.866Z [[32minfo[39m]: POST /api/v1/auth/login [32m200[39m 664ms
2026-05-18T08:33:14.545Z [[32minfo[39m]: POST /api/v1/announcement [33m400[39m 104ms
2026-05-18T08:36:32.649Z [[32minfo[39m]: POST /api/v1/announcement [33m400[39m 234ms
2026-05-18T08:42:30.624Z [[32minfo[39m]: POST /api/v1/cohort/assign-student [33m404[39m 14ms
2026-05-18T08:44:19.754Z [[32minfo[39m]: POST /api/v1/cohort/assign-student [32m200[39m 29ms
2026-05-18T08:45:23.025Z [[32minfo[39m]: POST /api/v1/announcement [33m400[39m 16ms
2026-05-18T08:46:59.126Z [[32minfo[39m]: POST /api/v1/cohort/assign-student [32m200[39m 77ms
2026-05-18T08:53:05.020Z [[32minfo[39m]: POST /api/v1/cohort/assign-student [33m400[39m 124ms
2026-05-18T08:53:14.455Z [[32minfo[39m]: POST /api/v1/announcement [32m200[39m 1275ms
2026-05-18T08:53:29.086Z [[32minfo[39m]: GET /api/v1/announcement [32m200[39m 21ms
2026-05-18T10:33:03.952Z [[32minfo[39m]: POST /api/v1/auth/login [32m200[39m 815ms
2026-05-18T10:37:07.760Z [[32minfo[39m]: POST /api/v1/workshop [31m500[39m 22ms
2026-05-18T10:37:23.682Z [[32minfo[39m]: POST /api/v1/workshop [31m500[39m 9ms
2026-05-18T10:37:37.597Z [[32minfo[39m]: POST /api/v1/workshop [31m500[39m 22ms
2026-05-18T10:47:06.450Z [[32minfo[39m]: POST /api/v1/workshop [31m500[39m 128ms
2026-05-18T10:49:06.308Z [[32minfo[39m]: POST /api/v1/workshop [32m200[39m 113ms
2026-05-19T09:06:30.109Z [[32minfo[39m]: GET /api-docs [36m301[39m 6ms
2026-05-19T09:06:30.125Z [[32minfo[39m]: GET /api-docs/ [32m200[39m 7ms
2026-05-19T09:06:30.353Z [[32minfo[39m]: GET /api-docs/swagger-ui.css [32m200[39m 73ms
2026-05-19T09:06:30.437Z [[32minfo[39m]: GET /api-docs/swagger-ui-standalone-preset.js [32m200[39m 108ms
2026-05-19T09:06:30.464Z [[32minfo[39m]: GET /api-docs/swagger-ui-bundle.js [32m200[39m 118ms
2026-05-19T09:06:30.511Z [[32minfo[39m]: GET /api-docs/swagger-ui-init.js [32m200[39m 1ms
2026-05-19T09:06:31.606Z [[32minfo[39m]: GET /api-docs/favicon-32x32.png [32m200[39m 11ms
2026-05-19T09:29:29.691Z [[32minfo[39m]: GET /api/v1/workshop [32m200[39m 135ms
2026-05-24T18:30:54.385Z [[32minfo[39m]: POST /api/v1/auth/login [33m401[39m 791ms
2026-05-24T18:31:15.443Z [[32minfo[39m]: POST /api/v1/auth/login [33m401[39m 676ms
2026-05-24T18:31:22.520Z [[32minfo[39m]: POST /api/v1/auth/login [32m200[39m 784ms
2026-05-24T18:31:51.621Z [[32minfo[39m]: POST /api/v1/classroom/join [33m404[39m 2ms
2026-06-02T12:08:01.590Z [[32minfo[39m]: POST /api/v1/auth/login [32m200[39m 810ms
2026-06-02T12:12:32.228Z [[32minfo[39m]: POST /api/v1/room [31m500[39m 33ms
2026-06-02T12:15:57.065Z [[32minfo[39m]: POST /api/v1/room [31m500[39m 3303ms
2026-06-02T12:17:25.818Z [[32minfo[39m]: POST /api/v1/room [32m201[39m 2899ms
2026-06-05T13:22:24.372Z [[32minfo[39m]: POST /api/v1/auth/login [32m200[39m 1010ms
2026-06-05T13:23:33.500Z [[32minfo[39m]: GET /api/v1/message [33m404[39m 5ms
2026-06-05T13:23:40.890Z [[32minfo[39m]: POST /api/v1/message [33m404[39m 4ms
2026-06-05T13:23:51.419Z [[32minfo[39m]: POST /api/v1/message/send [31m500[39m 11ms
2026-06-05T13:25:06.023Z [[32minfo[39m]: POST /api/v1/message/send [33m400[39m 3ms
2026-06-05T13:26:02.233Z [[32minfo[39m]: POST /api/v1/message/send [33m400[39m 17ms
2026-06-05T13:31:50.499Z [[32minfo[39m]: POST /api/v1/message/send [33m400[39m 59ms
2026-06-05T13:33:15.395Z [[32minfo[39m]: POST /api/v1/message/send [33m400[39m 170ms
2026-06-05T13:37:09.104Z [[32minfo[39m]: POST /api/v1/message/send [31m500[39m 26ms
2026-06-05T13:39:52.775Z [[32minfo[39m]: POST /api/v1/message/send [32m200[39m 199ms
2026-06-05T13:43:47.188Z [[32minfo[39m]: POST /api/v1/message/send [32m200[39m 85ms
2026-06-05T13:44:41.830Z [[32minfo[39m]: POST /api/v1/message/send [32m200[39m 40ms
2026-06-05T13:57:26.307Z [[32minfo[39m]: POST /api/v1/message/send [32m200[39m 138ms
2026-06-05T14:03:17.993Z [[32minfo[39m]: POST /api/v1/message/send [32m200[39m 151ms
2026-06-05T14:07:15.102Z [[32minfo[39m]: POST /api/v1/message/send [32m200[39m 200ms
2026-06-05T14:09:10.405Z [[32minfo[39m]: POST /api/v1/message/send [32m200[39m 35ms
2026-06-05T14:10:30.976Z [[32minfo[39m]: POST /api/v1/message/send [32m200[39m 26ms
2026-06-05T14:18:33.194Z [[32minfo[39m]: POST /api/v1/message/send [32m200[39m 169ms
2026-06-05T14:22:08.306Z [[32minfo[39m]: POST /api/v1/message/send [32m200[39m 129ms
2026-06-05T14:27:53.350Z [[32minfo[39m]: POST /api/v1/auth/login [33m401[39m 1181ms
2026-06-05T14:28:01.489Z [[32minfo[39m]: POST /api/v1/auth/login [32m200[39m 1122ms
2026-06-05T14:28:18.207Z [[32minfo[39m]: POST /api/v1/message/send [32m200[39m 164ms
2026-06-05T15:23:55.184Z [[32minfo[39m]: POST /api/v1/auth/login [32m200[39m 960ms
2026-06-05T15:24:54.721Z [[32minfo[39m]: GET /api/v1/message [32m200[39m 94ms
2026-06-05T15:26:02.578Z [[32minfo[39m]: GET /api/v1/message [32m200[39m 309ms
